---
source: crates/cli/src/tui/ui.rs
expression: terminal.backend()
---
"┌ SC Interdiction - Crusader ──────────────────────────────────────────────────────────────────────┐"
"│ [1] Targets │ [2] Routes │ [3] Map                                                               │"
"└──────────────────────────────────────────────────────────────────────────────────────────────────┘"
"┌ Targets (2 shown) (sort: Value) (Enter: hide) ───────────────────────────────────────────────────┐"
"│Dir    Ship             Cargo           Destination          Wikelo     Demand   Value    Threat  ↑"
"│                                                                                                  █"
"│▲ OUT  Caterpillar      Quantanium      Area18 TDD           ★3         -        1.25M    ███░░░░░█"
"│▼ IN   C2 Hercules      Laranite        Port Olisar          1          -        980.0K   █████████"
"│                                                                                                  █"
"│                                                                                                  █"
"│                                                                                                  █"
"│                                                                                                  █"
"│                                                                                                  █"
"│                                                                                                  ║"
"│                                                                                                  ↓"
"└──────────────────────────────────────────────────────────────────────────────────────────────────┘"
"┌ Wikelo Items at HDMS-Bezdek (HIGH VALUE) ────────────────────────────────────────────────────────┐"
"│Irradiated Valakkar Fang (CreaturePart) ~75K aUEC                                                 │"
"│Quantanium (MinedMaterial) ~50K aUEC                                                              │"
"│Carinite (MinedMaterial) ~25K aUEC                                                                │"
"│                                                                                                  │"
"└──────────────────────────────────────────────────────────────────────────────────────────────────┘"
"┌────────────────────────────────────────────────┐┌────────────────────────────────────────────────┐"
"│Ready                                           ││ q:Quit | 1/2/3:Views | Tab:Next | ?:Help | s:So│"
"└────────────────────────────────────────────────┘└────────────────────────────────────────────────┘"
