---
source: crates/cli/src/tui/ui.rs
expression: terminal.backend()
---
"┌ SC Interdiction - Crusader ──────────────────────────────────────────────────────────────────────┐"
"│ [1] Targets │ [2] Routes │ [3] Map                                                               │"
"└──────────────────────────────────────────────────────────────────────────────────────────────────┘"
"┌ Hot Routes (1 total) (sort: Profit/SCU) ─────────────────────────────────────────────────────────┐"
"│Commodity           Origin          Destination     Profit/SCU   Haul Value     Ship              ↑"
"│                                                                                                  █"
"│Quantanium          HDMS-Bezdek     Area18 TDD      88           51.0K          Caterpillar       █"
"│                                                                                                  █"
"│                                                                                                  █"
"│                                                                                                  █"
"│                                                                                                  █"
"│                                                                                                  █"
"│                                                                                                  █"
"│                                                                                                  █"
"│                                                                                                  █"
"│                                                                                                  █"
"│                                                                                                  █"
"│                                                                                                  █"
"│                                                                                                  █"
"│                                                                                                  █"
"│                                                                                                  ↓"
"└──────────────────────────────────────────────────────────────────────────────────────────────────┘"
"┌────────────────────────────────────────────────┐┌────────────────────────────────────────────────┐"
"│Ready                                           ││ q:Quit | 1/2/3:Views | Tab:Next | ?:Help | s:So│"
"└────────────────────────────────────────────────┘└────────────────────────────────────────────────┘"
